// Jest Snapshot v1, https://goo.gl/fbAQLP

exports[`Page: Agreement should render correctly 1`] = `
<div>
  <div>
    <p
      class="text-5xl font-bold mt-8 mb-6"
    >
      Acerto
    </p>
    <div
      class="grid grid-cols-3 gap-10"
    >
      <div
        class="grid grid-cols-12 col-span-2"
      >
        <table
          class="col-span-12 h-1 bg-slate-100 border border-slate-800 text-slate-900"
        >
          <thead
            class=""
          >
            <tr>
              <th
                colspan="6"
              >
                undefined
              </th>
              <th
                colspan="2"
              >
                RECIBO DE 
                ACERTO
              </th>
            </tr>
          </thead>
          <thead>
            <tr>
              <th
                class="text-right"
                colspan="6"
              >
                undefined
              </th>
            </tr>
            <tr>
              <th
                colspan="8"
              >
                CNPJ: 
                undefined
              </th>
            </tr>
            <tr>
              <th
                colspan="8"
              >
                <p
                  class="mt-4 border-y border-slate-800 bg-yellow-100"
                >
                  ACERTO: 
                  Ref. 22/09/2023 á 22/09/2023 -     
 (0) MESES
                </p>
              </th>
            </tr>
            <tr>
              <th
                colspan="8"
              >
                <p
                  class="my-4 border-y border-slate-800"
                >
                  Nome
                </p>
              </th>
            </tr>
          </thead>
          <tbody
            class="border-t border-slate-800"
          >
            <tr>
              <td
                class="border-r border-slate-800 undefined"
                colspan="3"
              >
                SALÁRIO:
              </td>
              <td
                class="border-r border-slate-800 text-center"
                colspan="2"
              >
                 0,00
              </td>
              <td
                class="border-r border-slate-800 text-center"
                colspan="2"
              >
                Pagar
              </td>
              <td
                class="border-r border-slate-800 text-center"
              >
                Desconto
              </td>
            </tr>
            <tr
              class="border-t border-slate-800 undefined"
            >
              <td
                class="border-r border-slate-800 undefined"
                colspan="3"
              >
                13º
              </td>
              <td
                class="border-r border-slate-800 text-center"
                colspan="2"
              />
              <td
                class="border-r border-slate-800 text-center"
                colspan="2"
              >
                 0,00
              </td>
              <td
                class="border-r border-slate-800 text-center"
              >
                 0,00
              </td>
            </tr>
            <tr
              class="border-t border-slate-800 undefined"
            >
              <td
                class="border-r border-slate-800 undefined"
                colspan="3"
              >
                FÉRIAS
              </td>
              <td
                class="border-r border-slate-800 text-center"
                colspan="2"
              />
              <td
                class="border-r border-slate-800 text-center"
                colspan="2"
              >
                 0,00
              </td>
              <td
                class="border-r border-slate-800 text-center"
              />
            </tr>
            <tr
              class="border-t border-slate-800 undefined"
            >
              <td
                class="border-r border-slate-800 undefined"
                colspan="3"
              >
                1/3 - Férias
              </td>
              <td
                class="border-r border-slate-800 text-center"
                colspan="2"
              />
              <td
                class="border-r border-slate-800 text-center"
                colspan="2"
              >
                 0,00
              </td>
              <td
                class="border-r border-slate-800 text-center"
              />
            </tr>
            <tr
              class="border-t border-slate-800 undefined"
            >
              <td
                colspan="6"
              >
                <p
                  class="mt-4 border-t border-slate-800"
                >
                  Sub.total:
                </p>
              </td>
              <td
                class="text-center"
              >
                <p
                  class="mt-4 border-t border-slate-800"
                >
                   0,00
                </p>
              </td>
              <td
                class="border-r border-slate-800 text-center"
              >
                <p
                  class="mt-4 border-t border-slate-800"
                >
                   0,00
                </p>
              </td>
            </tr>
            <tr
              class="border-t border-slate-800 undefined"
            >
              <td
                class="border-b border-slate-800"
                colspan="5"
              >
                <p
                  class="mb-4 border-b border-slate-800"
                >
                  Total á pagar:
                </p>
              </td>
              <td
                class="border-r border-slate-800 text-center"
                colspan="3"
              >
                <p
                  class="mb-4 border-b border-slate-800"
                >
                   0,00
                </p>
              </td>
            </tr>
          </tbody>
          <tfoot
            class="border-t border-slate-800"
          >
            <tr>
              <td
                colspan="4"
              >
                <p
                  class="my-8 text-center"
                >
                  Assinatura:.......................................................
                </p>
              </td>
              <td
                colspan="4"
              >
                <p
                  class="my-8 text-center"
                >
                  Data:__/__/__
                </p>
              </td>
            </tr>
          </tfoot>
        </table>
      </div>
      <div>
        <div
          class="grid grid-cols-2 items-center"
        >
          <p
            class="text-4xl font-bold leading-9"
          >
            Cálculos
          </p>
          <button
            class="justify-self-end"
            data-variants="smoosh"
          >
            <span
              data-text="default"
            >
              Imprimir
            </span>
          </button>
        </div>
        <div
          class="grid grid-cols-2 gap-4 mt-8"
        >
          <div
            class="col-span-2"
          >
            <div>
              <div
                data-error="false"
                data-variants="input-wrapper"
              >
                <input
                  data-variants="input"
                  placeholder="Digite o nome"
                  type="text"
                  value=""
                />
              </div>
            </div>
          </div>
          <div>
            <div>
              <div
                data-error="false"
                data-variants="input-wrapper"
              >
                <input
                  data-variants="input"
                  placeholder="salário"
                  type="text"
                  value=""
                />
              </div>
            </div>
          </div>
          <div>
            <div>
              <div
                data-error="false"
                data-variants="input-wrapper"
              >
                <input
                  data-variants="input"
                  placeholder="Descontos (R$)"
                  type="text"
                  value=""
                />
              </div>
            </div>
          </div>
          <div>
            <label
              class="text-lg ml-8 leading-6 font-medium"
              for="date"
            >
              Data inicial
              <div>
                <div
                  data-error="false"
                  data-variants="input-wrapper"
                >
                  <input
                    data-variants="input"
                    type="date"
                    value="2023-09-22"
                  />
                </div>
              </div>
            </label>
          </div>
          <div>
            <label
              class="text-lg ml-8 leading-6 font-medium"
              for="date"
            >
              Data Final
              <div>
                <div
                  data-error="false"
                  data-variants="input-wrapper"
                >
                  <input
                    data-variants="input"
                    type="date"
                    value="2023-09-22"
                  />
                </div>
              </div>
            </label>
          </div>
        </div>
      </div>
    </div>
  </div>
</div>
`;
