// Jest Snapshot v1, https://goo.gl/fbAQLP

exports[`Component: LoginForm  should render correctly 1`] = `
<div>
  <form>
    <div>
      <label
        class="text-xl"
        for="text"
      >
        <input
          placeholder="Digite o usuÃ¡rio"
          type="text"
          value=""
        />
      </label>
    </div>
    <div>
      <label
        class="text-xl"
        for="text"
      >
        <input
          placeholder="Digite a senha"
          type="password"
          value=""
        />
      </label>
    </div>
    <button
      class="btn btn-yellow undefined"
      type="submit"
    >
      Entrar
    </button>
  </form>
</div>
`;
