// Jest Snapshot v1, https://goo.gl/fbAQLP

exports[`Component: CeciliaNavbar should render correctly 1`] = `
<div>
  <div
    class="grid grid-cols-12 my-4"
  >
    <nav
      class="col-span-11"
    >
      <a
        class="mr-4"
        href="calculator"
      >
        Calculadora
      </a>
      <a
        class="mr-4"
        href="paystub"
      >
        Holerite
      </a>
      <a
        class="mr-4"
        href="advancepayment"
      >
        Adiantamento
      </a>
      <a
        class="mr-4"
        href="agreement"
      >
        Acerto
      </a>
    </nav>
    <div
      class="col-span-1"
    >
      <button
        class="btn btn-yellow py-1 text-lg"
        type="button"
      >
        Sair
      </button>
    </div>
  </div>
</div>
`;
