// Jest Snapshot v1, https://goo.gl/fbAQLP

exports[`Page: Login should render correctly 1`] = `
<div>
  <div
    class="grid grid-cols-1 max-w-xs mx-auto mt-32 p-4"
  >
    <div
      class="text-center text-5xl my-8 whitespace-nowrap"
    >
      <h1
        class="font-bold"
      >
        Fazer Login
      </h1>
    </div>
    <form>
      <div
        class="mb-4"
      >
        <div>
          <div
            data-error="false"
            data-variants="input-wrapper"
          >
            <input
              data-variants="input"
              placeholder="Digite o usuÃ¡rio"
              type="text"
              value=""
            />
          </div>
        </div>
      </div>
      <div
        class="mb-4"
      >
        <div>
          <div
            data-error="false"
            data-variants="input-wrapper"
          >
            <input
              data-variants="input"
              placeholder="Digite a senha"
              type="password"
              value=""
            />
          </div>
        </div>
      </div>
      <button
        class="w-full mt-2"
        data-variants="curtain"
        type="submit"
      >
        <span
          data-text="default"
        >
          Entrar
        </span>
      </button>
    </form>
  </div>
</div>
`;
