// Jest Snapshot v1, https://goo.gl/fbAQLP

exports[`Component: Navbar should render correctly 1`] = `
<div>
  <div>
    <div
      class="hidden sm:flex items-center"
    >
      <nav
        class="grow"
      >
        <a
          class="text-xl leading-4 font-medium mr-4 hover:text-sky-950 hover:drop-shadow-lg transition-all"
          href="calculator"
        >
          Calculadora
        </a>
        <a
          class="text-xl leading-4 font-medium mr-4 hover:text-sky-950 hover:drop-shadow-lg transition-all"
          href="paystub"
        >
          Holerite
        </a>
        <a
          class="text-xl leading-4 font-medium mr-4 hover:text-sky-950 hover:drop-shadow-lg transition-all"
          href="advancepayment"
        >
          Adiantamento
        </a>
        <a
          class="text-xl leading-4 font-medium mr-4 hover:text-sky-950 hover:drop-shadow-lg transition-all"
          href="agreement"
        >
          Acerto
        </a>
      </nav>
      <button
        data-variants="slide"
      >
        <span
          data-text="default"
        >
          Sair
        </span>
      </button>
    </div>
    <div
      class="sm:hidden flex justify-end"
    >
      <button
        class="icon-button"
      >
        <svg
          aria-hidden="true"
          fill="currentColor"
          viewBox="0 0 20 20"
          width="24"
          xmlns="http://www.w3.org/2000/svg"
        >
          <path
            clip-rule="evenodd"
            d="M2 4.75A.75.75 0 012.75 4h14.5a.75.75 0 010 1.5H2.75A.75.75 0 012 4.75zM2 10a.75.75 0 01.75-.75h14.5a.75.75 0 010 1.5H2.75A.75.75 0 012 10zm0 5.25a.75.75 0 01.75-.75h14.5a.75.75 0 010 1.5H2.75a.75.75 0 01-.75-.75z"
            fill-rule="evenodd"
          />
        </svg>
      </button>
    </div>
    <section
      class="drawer-wrapper"
      data-open="false"
    >
      <div
        class="flex justify-end"
      >
        <button
          class="icon-button"
        >
          <svg
            aria-hidden="true"
            fill="currentColor"
            viewBox="0 0 20 20"
            width="24"
            xmlns="http://www.w3.org/2000/svg"
          >
            <path
              d="M6.28 5.22a.75.75 0 00-1.06 1.06L8.94 10l-3.72 3.72a.75.75 0 101.06 1.06L10 11.06l3.72 3.72a.75.75 0 101.06-1.06L11.06 10l3.72-3.72a.75.75 0 00-1.06-1.06L10 8.94 6.28 5.22z"
            />
          </svg>
        </button>
      </div>
      <div>
        <div
          class="h-full w-full"
        >
          <nav
            class="flex flex-col gap-10 mt-20 justify-between h-full"
          >
            <a
              class="text-center text-5xl leading-4 font-medium mr-4 hover:text-sky-950 hover:drop-shadow-lg transition-all mb-10"
              href="calculator"
            >
              Calculadora
            </a>
            <a
              class="text-center text-5xl leading-4 font-medium mr-4 hover:text-sky-950 hover:drop-shadow-lg transition-all mb-10"
              href="paystub"
            >
              Holerite
            </a>
            <a
              class="text-center text-5xl leading-4 font-medium mr-4 hover:text-sky-950 hover:drop-shadow-lg transition-all mb-10"
              href="advancepayment"
            >
              Adiantamento
            </a>
            <a
              class="text-center text-5xl leading-4 font-medium mr-4 hover:text-sky-950 hover:drop-shadow-lg transition-all mb-10"
              href="agreement"
            >
              Acerto
            </a>
          </nav>
          <button
            class="w-full mt-10"
            data-variants="center"
          >
            <span
              data-text="default"
            >
              Sair
            </span>
          </button>
        </div>
      </div>
    </section>
  </div>
</div>
`;
